calculateEntropy;float calculateEntropy(unsigned int nOffset, unsigned int nSize);
calculateMD5;QString calculateMD5(unsigned int nOffset, unsigned int nSize);
compare;bool compare(QString sSignature, unsigned int nOffset=0);
compareEP;bool compareEP(QString sSignature, unsigned int nOffset=0);
compareOverlay;bool compareOverlay(QString sSignature,unsigned int nOffset=0);
findByte;int findByte(unsigned int nOffset, unsigned int nSize, unsigned char cValue);
findDword;int findDword(unsigned int nOffset, unsigned int nSize, unsigned int nValue);
findSignature;int findSignature(unsigned int nOffset, unsigned int nSize, QString Signature);
findString;int findString(unsigned int nOffset, unsigned int nSize, QString sValue);
findWord;int findWord(unsigned int nOffset, unsigned int nSize, unsigned short sValue);
getEntryPointOffset;int64 getEntryPointOffset();
getFileBaseName;QString getFileBaseName();
getFileCompleteSuffix;QString getFileCompleteSuffix();
getFileDirectory;QString getFileDirectory();
getFileSuffix;QString getFileSuffix();
getGeneralOptions;QString getGeneralOptions();
getLibraryCurrentVersion;getLibraryCurrentVersion(QString sLibrary);
getNumberOfSections;int getNumberOfSections();
getNumberOfSegments;int getNumberOfSegments();
getOverlaySize;unsigned int getOverlaySize();
getOverlayOffset;unsigned int getOverlayOffset();
getSectionFileOffset;unsigned int getSectionFileOffset(int nSection);
getSectionFileSize;unsigned int getSectionFileSize(int nSection);
getSectionName;QString getSectionName(int nSection);
getSectionNumber;int getSectionNumber(QString sSectionName);
getSegmentFileSize;unsigned int getSegmentFileSize(int nSegment);
getSegmentFileOffset;unsigned int getSegmentFileOffset(int nSegment);
getSegmentName;QString getSegmentName(int nSegment);
getSignature;QString getSignature(unsigned int nOffset, unsigned int nSize);
getSize;unsigned int getSize();
getString;QString getString(unsigned int nOffset,unsigned int nSize=50);
isLibraryPresent;isLibraryPresent(QString sLibrary);
isOverlayPresent;bool isOverlayPresent();
isSectionNamePresent;QString isSectionNamePresent(QString sSectionName);
isSignaturePresent;bool isSignaturePresent(unsigned int nOffset, unsigned int nSize, QString sSignature);
OffsetToRVA;int64 OffsetToRVA(unsigned int64 nOffset);
OffsetToVA;int64 OffsetToVA(unsigned int64 nOffset);
readByte;unsigned char readByte(unsigned int nOffset);
readDword;unsigned int readDword(unsigned int nOffset);
readQword;unsigned long long readQword(unsigned int nOffset);
readWord;unsigned short readWord(unsigned int nOffset);
RVAToOffset;int64 RVAToOffset(unsigned int64 nRVA);
swapBytes;unsigned int swapBytes(unsigned int nValue);
VAToOffset;int64 VAToOffset(unsigned int64 nVA);
