calculateEntropy;float calculateEntropy(unsigned int nOffset, unsigned int nSize);
calculateMD5;QString calculateMD5(unsigned int nOffset, unsigned int nSize);
compare;bool compare(QString sSignature, unsigned int nOffset=0);
compareEP;bool compareEP(QString sSignature, unsigned int nOffset=0);
compareOverlay;bool compareOverlay(QString sSignature,unsigned int nOffset=0);
findByte;int findByte(unsigned int nOffset, unsigned int nSize, unsigned char cValue);
findDword;int findDword(unsigned int nOffset, unsigned int nSize, unsigned int nValue);
findSignature;int findSignature(unsigned int nOffset, unsigned int nSize, QString Signature);
findString;int findString(unsigned int nOffset, unsigned int nSize, QString sValue);
findWord;int findWord(unsigned int nOffset, unsigned int nSize, unsigned short sValue);
getEntryPointOffset;int getEntryPointOffset();
getFileBaseName;QString getFileBaseName();
getFileCompleteSuffix;QString getFileCompleteSuffix();
getFileDirectory;QString getFileDirectory();
getFileSuffix;QString getFileSuffix();
getOverlayOffset;unsigned int getOverlayOffset();
getOverlaySize;unsigned int getOverlaySize();
getSignature;QString getSignature(unsigned int nOffset, unsigned int nSize);
getSize;unsigned int getSize();
getString;QString getString(unsigned int nOffset,unsigned int nSize=50);
isLE;bool isLE();
isLX;bool isLX();
isNE;bool isNE();
isOverlayPresent;bool isOverlayPresent();
isSignaturePresent;bool isSignaturePresent(unsigned int nOffset, unsigned int nSize, QString sSignature);
readByte;unsigned char readByte(unsigned int nOffset);
readDword;unsigned int readDword(unsigned int nOffset);
readQword;unsigned long long readQword(unsigned int nOffset);
readWord;unsigned short readWord(unsigned int nOffset);
swapBytes;unsigned int swapBytes(unsigned int nValue);
