calculateEntropy;float calculateEntropy(unsigned int nOffset, unsigned int nSize);
calculateSizeOfHeaders;unsigned int calculateSizeOfHeaders();
compare;bool compare(QString sSignature, unsigned int nOffset=0);
compareEP;bool compareEP(QString sSignature, unsigned int nOffset=0);
compareEP_NET;bool compareEP_NET(QString sSignature, unsigned int nOffset=0);
compareOverlay;bool compareOverlay(QString sSignature, unsigned int nOffset=0);
findByte;int findByte(unsigned int nOffset, unsigned int nSize, unsigned char cValue);
findDword;int findDword(unsigned int nOffset, unsigned int nSize, unsigned int nValue);
findSignature;int findSignature(unsigned int nOffset, unsigned int nSize, QString Signature);
findString;int findString(unsigned int nOffset, unsigned int nSize, QString sValue);
findWord;int findWord(unsigned int nOffset, unsigned int nSize, unsigned short sValue);
getAddressOfEntryPoint;unsigned int getAddressOfEntryPoint();
getCompilerVersion;QString getCompilerVersion();
getEntryPointSection;int getEntryPointSection();
getFileDirectory;QString getFileDirectory();
getFileVersion;QString getFileVersion();
getGeneralOptions;QString getGeneralOptions();
getImageBase;unsigned int getImageBase();
getImportFunctionName;QString getImportFunctionName(unsigned int nImport, unsigned int nFunctionNumber);
getImportLibraryName;QString getImportLibraryName(unsigned int nImport);
getImportSection;int getImportSection();
getMachineType;unsigned short getMachineType();
getMajorLinkerVersion;unsigned int getMajorLinkerVersion();
getManifest;QString getManifest();
getMinorLinkerVersion;unsigned int getMinorLinkerVersion();
getNETVersion;QString getNETVersion();
getNumberOfImports;int getNumberOfImports();
getNumberOfImportThunks;int getNumberOfImportThunks(unsigned int nImport);
getNumberOfSections;int getNumberOfSections();
getOverlayOffset;unsigned int getOverlayOffset();
getOverlaySize;unsigned int getOverlaySize();
getPEFileVersion;QString getPEFileVersion(QString sFileName);
getResourceNameOffset;int getResourceNameOffset(QString sName);
getResourceNameSize;unsigned int getResourceNameSize(QString sName);
getSectionCharacteristics;unsigned int getSectionCharacteristics(int nSectionNumber);
getSectionFileOffset;unsigned int getSectionFileOffset(int nSectionNumber);
getSectionFileSize;unsigned int getSectionFileSize(int nSectionNumber);
getSectionName;QString getSectionName(int nSectionNumber);
getSectionNameCollision;QString getSectionNameCollision(QString sString1, QString sString2);
getSectionNumber;int getSectionNumber(QString sSectionName);
getSectionNumberExp;int getSectionNumberExp(QString sSectionName);
getSectionVirtualAddress;unsigned int getSectionVirtualAddress(int nSectionNumber);
getSectionVirtualSize;unsigned int getSectionVirtualSize(int nSectionNumber);
getSignature;getSignature(unsigned int nOffset, unsigned int nSize);
getSize;unsigned int getSize();
getSizeOfCode;unsigned int getSizeOfCode();
getSizeOfUninitializedData;unsigned int getSizeOfUninitializedData();
getString;QString getString(unsigned int nOffset,unsigned int nSize=50);
getVersionStringInfo; getVersionStringInfo(QString sKey);
isConsole;bool isConsole();
isDll;bool isDll();
isLibraryFunctionPresent;bool isLibraryFunctionPresent(QString sLibraryName, QString sFunctionName);
isLibraryPresent;bool isLibraryPresent(QString sLibraryName);
isNET;bool isNET();
isNETStringPresent;bool isNETStringPresent(QString sString);
isNETUnicodeStringPresent;bool isNETUnicodeStringPresent(QString sString);
isOverlayPresent;bool isOverlayPresent();
isPEPlus;bool isPEPlus();
isResourceNamePresent;bool isResourceNamePresent(QString sName);
isRichSignaturePresent;bool isRichSignaturePresent();
isSectionNamePresent;bool isSectionNamePresent(QString sSectionName);
isSectionNamePresentExp;bool isSectionNamePresentExp(QString sSectionName);
isSignatureInSectionPresent;bool isSignatureInSectionPresent(unsigned int nSection,QString sSignature);
isSignaturePresent;bool isSignaturePresent(unsigned int nOffset, unsigned int nSize, QString sSignature);
OffsetToRVA;int OffsetToRVA(unsigned int nOffset);
OffsetToVA;int OffsetToVA(unsigned int nOffset);
readByte;unsigned char readByte(unsigned int nOffset);
readDword;unsigned int readDword(unsigned int nOffset);
readWord;unsigned short readWord(unsigned int nOffset);
RVAToOffset;int RVAToOffset(unsigned int nRVA);
swapBytes;unsigned int swapBytes(unsigned int nValue);
VAToOffset;int VAToOffset(unsigned int nVA);

